

Parse error on line 1:
class {void main (String[
------^
Expecting 'ID'