These sample output files are intended to indicate the declaration type errors
present in the programs.  Your error messages do not have to match mine.
