Expected false to be int.
System.out.println only takes an argument of type int.
Expected true to be int.
The right side of a less than operation was expected to be of type int but was boolean.
The condition in a(n) While statement must be of type boolean.
The variable y is not in the current scope.
No variable named y in the current scope.
The type of the right hand side expression of the assignment to variable x does not match the expected type int.