

ERROR in line 27 and column 2: Syntax error



ERROR in line 28 and column 2: Couldn't repair and continue parse

Exception processing file: Can't recover from previous error(s)
