Multiple declarations found for class Point.
Cannot extend the unknown superclass DoesNotExist.
Multiple declarations found for class Point.
Multiple declarations found for class Point.