Expected true to be int.
Type of return expression does not match int.