Expected variable a4 to be of type int, but was of type boolean.
The right side of an add operation was expected to be of type int but was boolean.
System.out.println only takes an argument of type int.