Expected an integer to be boolean.
Trying to not a non-boolean!.
The variable x was assigned with mismatched types.
Expected false to be int.
Trying to negate a non-integer!.
The variable y was assigned with mismatched types.
The variable x is already declared in the current scope.
The variable y is already declared in the current scope.