Expected variable x to be of type boolean, but was of type int.
Type of return expression does not match boolean.
Attempting to set null to a primitive type boolean.
The left side of an or operation was expected to be of type boolean but was void.
Type of return expression does not match boolean.