A field named avar has already been defined in the superclass Foo.