

Parse error on line 1:
class main {	public stati
------^
Expecting 'ID'