Type error on line 7: A field named number is defined more than once in SecondClass.
Type error on line 8: A field named number is defined more than once in SecondClass.