Type error on line 7: Multiple declarations found for class start.
Type error on line 14: Multiple declarations found for class start.