Type error on line 11: A field named a is defined more than once in noPoint.
Type error on line 14: A field named a is defined more than once in noPoint.