Type error on line 12: Cannot extend the unknown superclass bird.