Type error on line 14: Multiple declarations found for class Test7a.
Type error on line 18: Multiple declarations found for class Test7a.