Superclass name Zed not in scope.
Superclass name Ced not in scope.
