Type error on line 18: A field named a has already been defined in the superclass noPoint.