Type error on line 24: The parameter Foo is declared more than once in Baz.
Type error on line 24: The parameter Foo is declared more than once in Baz.