Type error on line 15: An add expression does not return type double.
Type error on line 16: Type of return expression does not match double.
Type error on line NaN: The return type of the method a6 was expected to be int but is of type boolean.
Type error on line 21: The left side of an add operation was expected to be of type int but was boolean.
Type error on line 21: An add expression does not return type boolean.
Type error on line 22: Type of return expression does not match boolean.