Type error on line 8: Expected variable X to be of type int, but was of type boolean.
Type error on line 8: The left side of an add operation was expected to be of type int but was boolean.
Type error on line 8: The type of the right hand side expression of the assignment to variable y does not match the expected type int.