Type error on line 22: A method named equal has already been defined in the class otherFoo.
Type error on line 36: A method named equal has already been defined in the class otherFoo.
Type error on line 65: The method {name: <equal>, returnType: <boolean>, parameters: <[{name: <x>, type: <int>}]>} in thisFoo attempts to override the method {name: <equal>, returnType: <boolean>, parameters: <[{name: <x>, type: <int>}, {name: <y>, type: <int>}, {name: <z>, type: <int>}]>} in otherFoo.